static Bytes_afff()
{
    _114 = 114;
    _118 = 118;
    _19 = 19;
    _12 = 12;
    _198 = 198;
    _183 = 183;
    _55 = 55;
    _77 = 77;
    _24 = 24;
    _33 = 33;
    _54 = 54;
    _66 = 66;
    _199 = 199;
    _39 = 39;
    _139 = 139;
    _171 = 171;
    _149 = 149;
    _11 = 11;
    _23 = 23;
    _78 = 78;
    _222 = 222;
    _233 = 233;
    _244 = 244;
    _245 = 245;
    _234 = 234;
    _111 = 111;
    _125 = 125;
    _37 = 37;
    _137 = 137;
    _42 = 42;
    _43 = 43;
    _56 = 56;
    _92 = 92;
    _97 = 97;
    _99 = 99;
    _129 = 129;
    _151 = 151;
    _76 = 76;
    _177 = 177;
    _142 = 142;
    _96 = 96;
}

