	public unsafe static Record_ab57 eb5c6275b8354df1bc9112b5c28f56d9(object object_0wf)
	{
	    object obj3 = default(object);
	    lbl_6:
	        string text2 = get_str(20179, 32201, 34);
	    int num4 = 0;
	    while (true)
	    {
	        if (num4 >= String.get_Length(text2))
	        {
	            string text3 = get_str(33061, 44878, 20);
	            Record_ab57 obj = new Record_ab57();
	            object obj2 = obj;
	            object_0wf = String.Substring(object_0wf, String.IndexOf(object_0wf, Strings_a392.e7dbba00b1ec4f6aad59de101cf391aa) + 2);
	            object_0wf = decrypt_a8f4(object_0wf, string.Empty);
	            if (String.Contains(object_0wf, Strings_a392.ab50e274fb3141edab7ca8f95fc73273))
	            {
	                object obj10 = object_0wf;
	                string[] obj11 = new string[1]
	                {
	                    Strings_a392.ab50e274fb3141edab7ca8f95fc73273
	                };
	                obj3 = String.Split(obj10, obj11, 0);
	                ((Record_ab57)obj2).ab2645063e1e46d88600e382d1748ce0 = Text.Encoding.get_UTF8().GetString(Convert.FromBase64String((string)((object[])obj3)[0]));
	                ((Record_ab57)obj2).b7079b9dfa9f46589b7f646096517555 = (string)((object[])obj3)[1];
	                ((Record_ab57)obj2).c63b7b445a5349edacb84885c0365709 = (string)((object[])obj3)[2];
	                ((Record_ab57)obj2).a09b41ccc00e4a40a4a434f6007b3f89 = (string)((object[])obj3)[3];
	                if (String.Contains(((object[])obj3)[4], Class_efdf.c685d9bd4b0643458370368cdcdc46be))
	                {
	                    object obj4;
	                    string[] obj5;
	                    obj4 = ((object[])obj3)[4];
	                    obj5 = new string[1]
	                    {
	                        Class_efdf.c685d9bd4b0643458370368cdcdc46be
	                    };
	                    ((Record_ab57)obj2).aef7988922e244fc874c4a30beff39b0 = String.Split(obj4, obj5, 0);
	                }
	                else
	                {
	                    ((Record_ab57)obj2).aef7988922e244fc874c4a30beff39b0 = new string[0];
	                }
	
	                if (!String.Contains(((object[])obj3)[5], Class_efdf.c685d9bd4b0643458370368cdcdc46be))
	                {
	                    ((Record_ab57)obj2).e771120b0ffa4a18bfaeac420dbc1fa0 = new string[0];
	                }
	                else
	                {
	                    object obj8;
	                    string[] obj9;
	                    obj8 = ((object[])obj3)[5];
	                    obj9 = new string[1]
	                    {
	                        Class_efdf.c685d9bd4b0643458370368cdcdc46be
	                    };
	                    ((Record_ab57)obj2).e771120b0ffa4a18bfaeac420dbc1fa0 = String.Split(obj8, obj9, 0);
	                }
	
	                ((Record_ab57)obj2).ac785d30e340485bb6167b24c9574eed = (string)((object[])obj3)[6];
	                ((Record_ab57)obj2).af04d80186c046a7aa5cd0a0b4c7fd3e = (string)((object[])obj3)[7];
	                ((Record_ab57)obj2).aa34b551e4724ba78aab8e636ffd32ca = (string)((object[])obj3)[8];
	                ((Record_ab57)obj2).a29ea6e4ce884adb81efc5f82cd9c145 = (string)((object[])obj3)[9];
	                ((Record_ab57)obj2).a187aa0a26f441d194c10ab42d0550b0 = (string)((object[])obj3)[10];
	                ((Record_ab57)obj2).a8943f7134114231953e1c4e549f24d3 = (string)((object[])obj3)[11];
	                ((Record_ab57)obj2).a69c07ede66c4d4fb09a60ae59f74ef0 = Convert.ToBoolean((string)((object[])obj3)[12]);
	                ((Record_ab57)obj2).abcd3560a84b498e9ddf821d50965945 = Convert.ToBoolean((string)((object[])obj3)[13]);
	                ((Record_ab57)obj2).a69db68d95324c51b71feeafde57b763 = (string)((object[])obj3)[14];
	                ((Record_ab57)obj2).a77a37dd25af48738c21a909fc9b7842 = (string)((object[])obj3)[15];
	                ((Record_ab57)obj2).a508b9a874b34ddea2cd2561652cf051 = (string)((object[])obj3)[16];
	                ((Record_ab57)obj2).ab1341e71ec24dbcaeab31ed2dbf300c = (string)((object[])obj3)[17];
	                ((Record_ab57)obj2).a8c2197d59e242fabb26eb9459883b8a = (string)((object[])obj3)[18];
	                ((Record_ab57)obj2).a425a28688d845259efb0dad4303ad19 = (string)((object[])obj3)[19];
	                ((Record_ab57)obj2).f34fababc74b465cb090f85cea5106df = (string)((object[])obj3)[20];
	                ((Record_ab57)obj2).ecdd41ece05e4488892c937b5985f01a = (string)((object[])obj3)[21];
	                ((Record_ab57)obj2).a9e740d690154b578e5242847f15efff = (string)((object[])obj3)[22];
	                if (String.Contains(((object[])obj3)[23], Class_efdf.c685d9bd4b0643458370368cdcdc46be))
	                {
	                    object obj6;
	                    string[] obj7;
	                    obj6 = ((object[])obj3)[23];
	                    obj7 = new string[1]
	                    {
	                        Class_efdf.c685d9bd4b0643458370368cdcdc46be
	                    };
	                    ((Record_ab57)obj2).a54c3b26eb33463fb9b9a4bc1836cb7d = String.Split(obj6, obj7, 0);
	                }
	                else
	                {
	                    ((Record_ab57)obj2).a54c3b26eb33463fb9b9a4bc1836cb7d = new string[0];
	                }
	
	                ((Record_ab57)obj2).f6727ce02cd8425189354b236d6b8340 = (string)((object[])obj3)[24];
	                ((Record_ab57)obj2).a86721fc31bc49d4a040f2e7aa5418f8 = (string)((object[])obj3)[25];
	                ((Record_ab57)obj2).flag_a961 = true;
	            }
	
	            return (Record_ab57)obj2;
	        }
	        else
	        {
	            num4++;
	        }
	    }
	
	    goto lbl_6;
	}

