	public unsafe override void goto_default_case(EventArgs eventArgs_0b)
	{
		flag_acf3 = false;  // false
		flag_a60c = false;  // false
		flag_a913 = false;  // false
		Control.Invalidate(this);  // InvocationExpressionSyntax is not supported.
		((ButtonBase)this).OnLostFocus(eventArgs_0b);  // InvocationExpressionSyntax is not supported.
	}

