void case1()
{
    bool a = true;
    should_run1();  // InvocationExpressionSyntax is not supported.
}

void case2()
{
    bool a = false;
    should_run2();  // InvocationExpressionSyntax is not supported.
}

void case3()
{
    bool a = true;
    var c = a ? 123 : (b ? 456 : 789);  // 123
}

