	public unsafe static RSACryptoServiceProvider rsa_aaf9(object object_0beb)
	{
		object obj = default(object);
		object obj2 = default(object);
		obj2 = object_0beb;
		if (String.StartsWith(obj2, Strings_a392.a61152b364724562909882c1c581e1e6))
		{
			if (String.EndsWith(obj2, Strings_a392.ac17ada76b14486c83f1e0819fe49a19))
			{
				obj = array;
				if (obj == null)
				{
					return null;
				}
				else
				{
					return aa966298b6f9473baff9d7a8e3b76841(obj);
				}
			}
			else
			{
				obj = array;
				if (obj == null)
				{
					return null;
				}
				else
				{
					return rsa_a143(obj);
				}
			}
		}
		else
		{
			obj = array;
			if (obj == null)
			{
				return null;
			}
			else
			{
				return rsa_a143(obj);
			}
		}
	}

