void case1()
{
    should_run();  // InvocationExpressionSyntax is not supported.
}
