void eliminate()
{
    always_called();
}

void keep_1()
{
    while (true)
    {
        foo();
    }
}

void keep_block()
{
    while (true)
    {
        foo();
    }
}

void keep_call1()
{
    int i = 0;
    while (true)
    {
        if (foo(i++))
        {
            break;
        }
    }
}

void keep_call2()
{
    int i = 0;
    while (true)
    {
        kc1();
        if (foo(i++))
        {
            break;
        }
    }
}

void keep_call3()
{
    int i = 0;
    while (true)
    {
        if (foo(i++))
        {
            break;
        }
        else
        {
            kc2();
        }
    }
}

void keep_call4()
{
    int i = 0;
    while (true)
    {
        kc1();
        if (foo(i++))
        {
            break;
        }
        else
        {
            kc2();
        }
    }
}

void reflow()
{
    foo();
    bar();
}

