void case1()
{
    called1();
    called2();
    called3();
}

void case2()
{
    called1();
    called2();
    called3();
}
