void case1()
{
    init();
    if (y)
    {
        foo();
    }
    else
    {
        bar();
    }
}

void case2()
{
    foo();
}

void case3()
{
    if (y)
    {
        foo();
    }
    else
    {
        bar();
    }
}

void case4()
{
    foo();
    bar();
}

void case5()
{
    foo();
    bar();
}

