void as_is()
{
    if (a)
    {
        foo();
    }
    else
    {
        bar();
    }
}

void keep_true()
{
    foo();
}

void keep_false()
{
    bar();
}

void as_is_indirect()
{
    if (a)
    {
        foo();
    }
    else
    {
        bar();
    }
}

void keep_true_indirect()
{
    foo();
}

void keep_false_indirect()
{
    bar();
}

