static void Main()
{
    {
        int i = 123;
        Console.WriteLine(i);
    }

    {
        int i = 456;
        Console.WriteLine(i);
    }
}
